
> cyber-tech@0.1.0 build
> next build

Ôû▓ Next.js 16.1.6 (Turbopack)
- Environments: .env.local

  Creating an optimized production build ...
Ô£ô Compiled successfully in 5.0s
  Running TypeScript ...
node.exe : Failed to compile.
No linha:1 caractere:1
+ & "C:\Program Files\nodejs/node.exe" "C:\Program 
Files\nodejs/node_mo ...
+ ~~~~~~~~~~~~~~~~~~~~~~~~~~~~~~~~~~~~~~~~~~~~~~~~~~~~
~~~~~~~~~~~~~~~~~
    + CategoryInfo          : NotSpecified: (Failed t 
   o compile.:String) [], RemoteException
    + FullyQualifiedErrorId : NativeCommandError
 

.next/dev/types/validator.ts:71:39
Type error: Cannot find module 
'../../../src/app/calculadora/page.js' or its 
corresponding type declarations.

[0m [90m 69 |[39m {
 [90m 70 |[39m   type 
__IsExpected[33m<[39m[33mSpecific[39m 
[36mextends[39m [33mAppPageConfig[39m[33m<[39m[
32m"/calculadora"[39m[33m>>[39m [33m=[39m 
[33mSpecific[39m
[31m[1m>[22m[39m[90m 71 |[39m   [36mconst[39m 
handler [33m=[39m {} [36mas[39m [36mtypeof[39m 
[36mimport[39m([32m"../../../src/app/calculadora/pag
e.js"[39m)
 [90m    |[39m                                      
 [31m[1m^[22m[39m
 [90m 72 |[39m   type __Check [33m=[39m 
__IsExpected[33m<[39m[36mtypeof[39m 
handler[33m>[39m
 [90m 73 |[39m   [90m// @ts-ignore[39m
 [90m 74 |[39m   type __Unused [33m=[39m 
__Check[0m
Next.js build worker exited with code: 1 and signal: 
null
